src/auth/auth.service.ts(65,6): error TS1005: '}' expected.
